Test Report: PASS
========================================================================
Total: 1  Passed: 1  Failed: 0  Errors: 0

All tests passed.
